go to https://webdriveruniversity.com/Login-Portal/index.html  enter the username as Red Dragon, password as dummy_password and click login button

go to https://www.saucedemo.com/ login with standar_user and secret_sauce. buy me a jacket and a backpack
use browser_snapshot tool action and get the current browser data and based on that data. buy me a jacket and a backpack


go to https://www.saucedemo.com/ login with standar_user and secret_sauce. buy me a jacket and a backpack. 
click the cart icon and check if the required products are listed in the page and checkout. 
firstname: Dua, lastname: Lipa, postal_code:00001
proceed to the final page and check the total price and click finish
convert the total ptice to inr 